 Charges (in A.U.) from CM5PAC (Nov. 11, 2011)
 -----------------------------------------------
 Center     Atomic      CM5         Hirshfeld
 Number     Number      Charge      Charge
 -----------------------------------------------
    1          8       -0.175868   -0.113170
    2          6       -0.100052   -0.047518
    3          1        0.138001    0.080385
    4          1        0.138001    0.080385
 -----------------------------------------------

 Dipole moment (in Debye)
 -----------------------------------------------
                 X        Y        Z     Total
 -----------------------------------------------
 CM5          0.0000   0.0000  -1.7956   1.7956
 Hirshfeld    0.0000   0.0000  -1.1074   1.1074
 -----------------------------------------------
