 Charges (in A.U.) from CM5PAC (Nov. 11, 2011)
 -----------------------------------------------
 Center     Atomic      CM5         Hirshfeld
 Number     Number      Charge      Charge
 -----------------------------------------------
    1          8       -0.316896   -0.265955
    2          6        0.186508    0.170839
    3          6       -0.236019   -0.092820
    4          6       -0.236019   -0.092820
    5          1        0.102307    0.046945
    6          1        0.102307    0.046945
    7          1        0.099479    0.046743
    8          1        0.099479    0.046743
    9          1        0.099479    0.046743
   10          1        0.099479    0.046743
 -----------------------------------------------

 Dipole moment (in Debye)
 -----------------------------------------------
                 X        Y        Z     Total
 -----------------------------------------------
 CM5          0.0000   0.0000  -2.9483   2.9483
 Hirshfeld    0.0000   0.0000  -2.2019   2.2019
 -----------------------------------------------
