 Charges (in A.U.) from CM5PAC (Nov. 11, 2011)
 -----------------------------------------------
 Center     Atomic      CM5         Hirshfeld
 Number     Number      Charge      Charge
 -----------------------------------------------
    1          8       -0.166955   -0.104257
    2          6       -0.094037   -0.041503
    3          1        0.130627    0.073011
    4          1        0.130627    0.073011 
 -----------------------------------------------
     
 Dipole moment (in Debye)
 -----------------------------------------------
                 X        Y        Z     Total        
 -----------------------------------------------
 CM5          0.0000   0.0000  -1.7029   1.7029
 Hirshfeld    0.0000   0.0000  -1.0147   1.0147
 -----------------------------------------------
