 Charges (in A.U.) from CM5PAC (Nov. 11, 2011)
 -----------------------------------------------
 Center     Atomic      CM5         Hirshfeld
 Number     Number      Charge      Charge
 -----------------------------------------------
    1          8       -0.466737   -0.242831
    2          6       -0.145027   -0.018875
    3          1        0.332287    0.157735
    4          1        0.103704    0.043410
    5          1        0.087889    0.030283
    6          1        0.087889    0.030283
 -----------------------------------------------

 Dipole moment (in Debye)
 -----------------------------------------------
                 X        Y        Z     Total
 -----------------------------------------------
 CM5          1.3328   0.9219   0.0000   1.6206
 Hirshfeld    0.6086   0.5273   0.0000   0.8052
 -----------------------------------------------
