 Charges (in A.U.) from CM5PAC (Nov. 11, 2011)
 -----------------------------------------------
 Center     Atomic      CM5         Hirshfeld
 Number     Number      Charge      Charge
 -----------------------------------------------
    1          8       -0.474015   -0.250109
    2          6       -0.157794   -0.031642
    3          1        0.338597    0.164045
    4          1        0.108245    0.047951
    5          1        0.092486    0.034880
    6          1        0.092486    0.034880
 -----------------------------------------------

 Dipole moment (in Debye)
 -----------------------------------------------
                 X        Y        Z     Total
 -----------------------------------------------
 CM5          1.3589   0.9442   0.0000   1.6547
 Hirshfeld    0.6347   0.5496   0.0000   0.8396
 -----------------------------------------------
