 Charges (in A.U.) from CM5PAC (Nov. 11, 2011)
 -----------------------------------------------
 Center     Atomic      CM5         Hirshfeld
 Number     Number      Charge      Charge
 -----------------------------------------------
    1          8       -0.284499   -0.221801
    2          6        0.084938    0.137472
    3          1        0.099802    0.042186
    4          1        0.099802    0.042186
 -----------------------------------------------

 Dipole moment (in Debye)
 -----------------------------------------------
                 X        Y        Z     Total
 -----------------------------------------------
 CM5          0.0000   0.0000  -2.1985   2.1985
 Hirshfeld    0.0000   0.0000  -1.5103   1.5103
 -----------------------------------------------
