 Charges (in A.U.) from CM5PAC (Nov. 11, 2011)
 -----------------------------------------------
 Center     Atomic      CM5         Hirshfeld
 Number     Number      Charge      Charge
 -----------------------------------------------
    1          8       -0.291393   -0.228695
    2          6        0.080184    0.132718
    3          1        0.105615    0.047999
    4          1        0.105615    0.047999
 -----------------------------------------------

 Dipole moment (in Debye)
 -----------------------------------------------
                 X        Y        Z     Total
 -----------------------------------------------
 CM5          0.0000   0.0000  -2.2712   2.2712
 Hirshfeld    0.0000   0.0000  -1.5829   1.5829
 -----------------------------------------------
