 Charges (in A.U.) from CM5PAC (Nov. 11, 2011)
 -----------------------------------------------
 Center     Atomic      CM5         Hirshfeld
 Number     Number      Charge      Charge
 -----------------------------------------------
    1          8       -0.325174   -0.274233
    2          6        0.187260    0.171591
    3          6       -0.244541   -0.101342
    4          6       -0.244541   -0.101342
    5          1        0.107166    0.051804
    6          1        0.107166    0.051804
    7          1        0.103185    0.050449
    8          1        0.103185    0.050449
    9          1        0.103185    0.050449
   10          1        0.103185    0.050449
 -----------------------------------------------

 Dipole moment (in Debye)
 -----------------------------------------------
                 X        Y        Z     Total
 -----------------------------------------------
 CM5          0.0000  -0.0000  -3.0412   3.0412
 Hirshfeld    0.0000   0.0000  -2.2948   2.2948
 -----------------------------------------------
