 Charges (in A.U.) from CM5PAC (Nov. 11, 2011)
 -----------------------------------------------
 Center     Atomic      CM5         Hirshfeld
 Number     Number      Charge      Charge
 -----------------------------------------------
    1          8       -0.402483   -0.351542
    2          6        0.200809    0.185140
    3          6       -0.240197   -0.096998
    4          6       -0.240197   -0.096998
    5          1        0.105339    0.049977
    6          1        0.105339    0.049977
    7          1        0.117866    0.065130
    8          1        0.117866    0.065130
    9          1        0.117866    0.065130
   10          1        0.117866    0.065130
 -----------------------------------------------

 Dipole moment (in Debye)
 -----------------------------------------------
                 X        Y        Z     Total
 -----------------------------------------------
 CM5          0.0000   0.0000  -3.9308   3.9308
 Hirshfeld    0.0000   0.0000  -3.1844   3.1844
 -----------------------------------------------
