 Charges (in A.U.) from CM5PAC (Nov. 11, 2011)
 -----------------------------------------------
 Center     Atomic      CM5         Hirshfeld
 Number     Number      Charge      Charge
 -----------------------------------------------
    1          6        0.278068    0.223454
    2          8       -0.421696   -0.370283
    3          7       -0.669558   -0.196296
    4          1        0.128807    0.053878
    5          1        0.345301    0.146856
    6          1        0.339062    0.142374
 -----------------------------------------------

 Dipole moment (in Debye)
 -----------------------------------------------
                 X        Y        Z     Total
 -----------------------------------------------
 CM5         -3.8209  -0.3557   0.0000   3.8374
 Hirshfeld   -3.0818  -0.4067   0.0000   3.1085
 -----------------------------------------------
