 Charges (in A.U.) from CM5PAC version 2015
 -----------------------------------------------
 Center     Atomic      CM5M        Hirshfeld
 Number     Number      Charge      Charge
 -----------------------------------------------
    1         47        0.069675    0.096680
    2         47       -0.034736   -0.048238
    3         47       -0.034736   -0.048238
 -----------------------------------------------

 Dipole moment (in Debye)
 -----------------------------------------------
                 X        Y        Z     Total
 -----------------------------------------------
 CM5M         0.0000   0.0000   0.7255   0.7255
 Hirshfeld    0.0000   0.0000   1.0070   1.0070
 -----------------------------------------------

