 Charges (in A.U.) from CM5PAC version 2015
 -----------------------------------------------
 Center     Atomic      CM5M        Hirshfeld
 Number     Number      Charge      Charge
 -----------------------------------------------
    1         47        0.063751    0.090756
    2         47       -0.031781   -0.045283
    3         47       -0.031781   -0.045283
 -----------------------------------------------

 Dipole moment (in Debye)
 -----------------------------------------------
                 X        Y        Z     Total
 -----------------------------------------------
 CM5M         0.0000   0.0000   0.6638   0.6638
 Hirshfeld    0.0000   0.0000   0.9453   0.9453
 -----------------------------------------------

