 Charges (in A.U.) from CM5PAC (Nov. 11, 2011)
 -----------------------------------------------                   
 Center     Atomic      CM5         Hirshfeld                     
 Number     Number      Charge      Charge
 -----------------------------------------------
    1          6        0.272291    0.217677
    2          8       -0.418592   -0.367179
    3          7       -0.646756   -0.173494
    4          1        0.120772    0.045843
    5          1        0.338939    0.140494
    6          1        0.333330    0.136642  
 -----------------------------------------------
     
 Dipole moment (in Debye)
 -----------------------------------------------
                 X        Y        Z     Total
 -----------------------------------------------
 CM5         -3.8161  -0.4237   0.0000   3.8395                   
 Hirshfeld   -3.0770  -0.4747   0.0000   3.1134                   
 -----------------------------------------------
