 Charges (in A.U.) from CM5PAC (Nov. 11, 2011)
 -----------------------------------------------
 Center     Atomic      CM5         Hirshfeld
 Number     Number      Charge      Charge
 -----------------------------------------------
    1          8       -0.394344   -0.343403
    2          6        0.200022    0.184353
    3          6       -0.231753   -0.088554
    4          6       -0.231753   -0.088554
    5          1        0.100341    0.044979
    6          1        0.100341    0.044979
    7          1        0.114313    0.061577
    8          1        0.114313    0.061577
    9          1        0.114313    0.061577
   10          1        0.114313    0.061577
 -----------------------------------------------

 Dipole moment (in Debye)
 -----------------------------------------------
                 X        Y        Z     Total
 -----------------------------------------------
 CM5          0.0000   0.0000  -3.8421   3.8421
 Hirshfeld    0.0000   0.0000  -3.0957   3.0957
 -----------------------------------------------
